new:146:14:void* operator new(std::size_t, void*)	16	static
RCC.cpp:3:6:void Clock_init()	4	static
Nvic.cpp:3:6:void Set_Interrupt(IRQn, uint8_t)	16	static
Nvic.cpp:10:6:void Clr_Interrupt(IRQn)	16	static
Nvic.cpp:15:6:void Clr_Interrupt_PD(IRQn)	16	static
GPIO.cpp:3:6:void Set_Gpio(GPIO_TypeDef*, uint8_t, uint8_t, uint8_t, uint8_t, uint8_t)	24	static
GPIO.cpp:26:6:void Set_Gpio_Pin(GPIO_TypeDef*, uint8_t, uint8_t)	16	static
GPIO.cpp:36:6:void Set_Ext_Interrupt(uint8_t, uint8_t, uint8_t)	16	static
GPIO.cpp:54:6:void Clr_Ext_Interrupt_PD(uint8_t)	16	static
gthr-default.h:229:1:int __gthread_key_delete(__gthread_key_t)	16	static
bitset:382:17:constexpr std::_Base_bitset<1u>::_Base_bitset(long long unsigned int)	24	static
bitset:398:7:static constexpr std::size_t std::_Base_bitset<1u>::_S_whichbit(std::size_t)	16	static
bitset:402:7:static constexpr std::_Base_bitset<1u>::_WordT std::_Base_bitset<1u>::_S_maskbit(std::size_t)	16	static
bitset:406:7:std::_Base_bitset<1u>::_WordT& std::_Base_bitset<1u>::_M_getword(std::size_t)	16	static
Timers.cpp:12:2:Timer_Base::Timer_Base(uint8_t, uint32_t, uint32_t)	24	static
Timers.cpp:83:6:void Timer_Base::Counter_Start()	16	static
bitset:678:7:static constexpr long long unsigned int std::_Sanitize_val<_Nb, true>::_S_do_sanitize_val(long long unsigned int) [with unsigned int _Nb = 4u]	16	static
bitset:866:17:constexpr std::bitset<_Nb>::bitset(long long unsigned int) [with unsigned int _Nb = 4u]	32	static
Timers.cpp:87:6:void Timer_Base::PWM(uint8_t, uint8_t)	48	static
Timers.cpp:122:6:void Timer_Base::Pulse_Generator(uint32_t)	16	static
Timers.cpp:126:6:void delay(int)	16	static
Timers.cpp:131:18:void SysTick_Handler()	4	static
ADC.cpp:6:2:ADC_Base::ADC_Base(adc_num, GPIO_TypeDef*, uint8_t)	32	static
ADC.cpp:34:10:uint16_t ADC_Base::ADC_ScanConv()	16	static
ADC.cpp:44:10:uint16_t ADC_Base::ADC_ScanConv(std::vector<short unsigned int>&)	16	static
ADC.cpp:50:10:uint16_t ADC_Base::ADC_ContinuousConv()	16	static
I2C.cpp:56:6:void I2C_Base::write_byte(uint8_t, uint8_t, uint8_t)	16	static
I2C.cpp:80:6:void I2C_Base::multi_byte_write(uint8_t, uint8_t, std::vector<unsigned char>&)	40	static
I2C.cpp:105:6:void I2C_Base::read_byte(uint8_t, uint8_t, uint8_t*)	24	static
I2C.cpp:137:6:void I2C_Base::multi_byte_read(uint8_t, uint8_t, std::vector<unsigned char>&, uint8_t)	32	static
I2C.cpp:184:6:void I2C_Base::write_byte_small(uint8_t, uint8_t)	16	static
I2C.cpp:204:6:void I2C_Base::multi_byte_write_small(uint8_t, uint8_t*, uint8_t)	32	static
I2C.cpp:228:6:void I2C_Base::read_byte_small(uint8_t, uint8_t*)	24	static
I2C.cpp:247:6:void I2C_Base::multi_byte_read_small(uint8_t, uint8_t*, uint8_t)	32	static
I2C.cpp:287:6:void I2C_Base::multi_byte_read_extend(uint8_t, uint16_t, uint8_t*, uint8_t)	32	static
LCD_i2c.cpp:18:6:void lcd::lcd_send_cmd(char)	24	static
LCD_i2c.cpp:30:6:void lcd::lcd_send_data(char)	24	static
LCD_i2c.cpp:42:6:void lcd::lcd_clear()	24	static
LCD_i2c.cpp:49:6:void lcd::lcd_put_cur(uint8_t, uint8_t)	16	static
LCD_i2c.cpp:63:6:void lcd::lcd_init()	16	static
LCD_i2c.cpp:89:6:void lcd::lcd_send_string(char*)	16	static
main.cpp:10:6:void Gpio_Config()	16	static
main.cpp:17:10:uint16_t scale(uint16_t, uint16_t, uint16_t, uint16_t, uint16_t)	16	static
main.cpp:26:5:int main()	40	static
bitset:1155:7:std::bitset<_Nb>::reference std::bitset<_Nb>::operator[](std::size_t) [with unsigned int _Nb = 4u]	24	static
bitset:815:2:std::bitset<_Nb>::reference::~reference() [with unsigned int _Nb = 4u]	16	static
bitset:846:2:std::bitset<_Nb>::reference::operator bool() const [with unsigned int _Nb = 4u]	24	static
stl_vector.h:548:7:std::vector<_Tp, _Alloc>::iterator std::vector<_Tp, _Alloc>::begin() [with _Tp = unsigned char; _Alloc = std::allocator<unsigned char>]	24	static
stl_vector.h:566:7:std::vector<_Tp, _Alloc>::iterator std::vector<_Tp, _Alloc>::end() [with _Tp = unsigned char; _Alloc = std::allocator<unsigned char>]	24	static
stl_iterator.h:877:5:bool __gnu_cxx::operator!=(const __gnu_cxx::__normal_iterator<_Iterator, _Container>&, const __gnu_cxx::__normal_iterator<_Iterator, _Container>&) [with _Iterator = unsigned char*; _Container = std::vector<unsigned char>]	24	static
stl_iterator.h:797:7:__gnu_cxx::__normal_iterator<_Iterator, _Container>& __gnu_cxx::__normal_iterator<_Iterator, _Container>::operator++() [with _Iterator = unsigned char*; _Container = std::vector<unsigned char>]	16	static
stl_iterator.h:789:7:__gnu_cxx::__normal_iterator<_Iterator, _Container>::reference __gnu_cxx::__normal_iterator<_Iterator, _Container>::operator*() const [with _Iterator = unsigned char*; _Container = std::vector<unsigned char>]	16	static
move.h:101:5:constexpr typename std::remove_reference< <template-parameter-1-1> >::type&& std::move(_Tp&&) [with _Tp = unsigned char&]	16	static
stl_vector.h:932:7:void std::vector<_Tp, _Alloc>::push_back(std::vector<_Tp, _Alloc>::value_type&&) [with _Tp = unsigned char; _Alloc = std::allocator<unsigned char>]	16	static
bitset:809:2:std::bitset<_Nb>::reference::reference(std::bitset<_Nb>&, std::size_t) [with unsigned int _Nb = 4u]	24	static
stl_iterator.h:776:7:__gnu_cxx::__normal_iterator<_Iterator, _Container>::__normal_iterator(const _Iterator&) [with _Iterator = unsigned char*; _Container = std::vector<unsigned char>]	16	static
stl_iterator.h:841:7:const _Iterator& __gnu_cxx::__normal_iterator<_Iterator, _Container>::base() const [with _Iterator = unsigned char*; _Container = std::vector<unsigned char>]	16	static
move.h:76:5:constexpr _Tp&& std::forward(typename std::remove_reference<_From>::type&) [with _Tp = unsigned char]	16	static
vector.tcc:91:7:) [with _Args = {unsigned char}; _Tp = unsigned char; _Alloc = std::allocator<unsigned char>]	24	static
alloc_traits.h:474:2:) [with _Up = unsigned char; _Args = {unsigned char}; _Tp = unsigned char]	24	static
vector.tcc:407:7:) [with _Args = {unsigned char}; _Tp = unsigned char; _Alloc = std::allocator<unsigned char>]	40	static
new_allocator.h:119:9:) [with _Up = unsigned char; _Args = {unsigned char}; _Tp = unsigned char]	32	static
stl_vector.h:1420:7:std::vector<_Tp, _Alloc>::size_type std::vector<_Tp, _Alloc>::_M_check_len(std::vector<_Tp, _Alloc>::size_type, const char*) const [with _Tp = unsigned char; _Alloc = std::allocator<unsigned char>]	40	static
stl_vector.h:167:7:std::_Vector_base<_Tp, _Alloc>::pointer std::_Vector_base<_Tp, _Alloc>::_M_allocate(std::size_t) [with _Tp = unsigned char; _Alloc = std::allocator<unsigned char>]	16	static
stl_vector.h:655:7:std::vector<_Tp, _Alloc>::size_type std::vector<_Tp, _Alloc>::size() const [with _Tp = unsigned char; _Alloc = std::allocator<unsigned char>]	16	static
stl_vector.h:113:7:std::_Vector_base<_Tp, _Alloc>::_Tp_alloc_type& std::_Vector_base<_Tp, _Alloc>::_M_get_Tp_allocator() [with _Tp = unsigned char; _Alloc = std::allocator<unsigned char>]	16	static
stl_uninitialized.h:297:5:_ForwardIterator std::__uninitialized_move_if_noexcept_a(_InputIterator, _InputIterator, _ForwardIterator, _Allocator&) [with _InputIterator = unsigned char*; _ForwardIterator = unsigned char*; _Allocator = std::allocator<unsigned char>]	32	static
stl_construct.h:148:5:void std::_Destroy(_ForwardIterator, _ForwardIterator, std::allocator<_T2>&) [with _ForwardIterator = unsigned char*; _Tp = unsigned char]	24	static
stl_vector.h:174:7:void std::_Vector_base<_Tp, _Alloc>::_M_deallocate(std::_Vector_base<_Tp, _Alloc>::pointer, std::size_t) [with _Tp = unsigned char; _Alloc = std::allocator<unsigned char>]	24	static
stl_vector.h:660:7:std::vector<_Tp, _Alloc>::size_type std::vector<_Tp, _Alloc>::max_size() const [with _Tp = unsigned char; _Alloc = std::allocator<unsigned char>]	16	static
stl_algobase.h:219:5:const _Tp& std::max(const _Tp&, const _Tp&) [with _Tp = unsigned int]	16	static
alloc_traits.h:435:7:static _Tp* std::allocator_traits<std::allocator<_Tp1> >::allocate(std::allocator_traits<std::allocator<_Tp1> >::allocator_type&, std::allocator_traits<std::allocator<_Tp1> >::size_type) [with _Tp = unsigned char]	16	static
stl_iterator.h:1223:5:_ReturnType std::__make_move_if_noexcept_iterator(_Tp*) [with _Tp = unsigned char; _ReturnType = std::move_iterator<unsigned char*>]	24	static
stl_uninitialized.h:279:5:_ForwardIterator std::__uninitialized_copy_a(_InputIterator, _InputIterator, _ForwardIterator, std::allocator<_Tp>&) [with _InputIterator = std::move_iterator<unsigned char*>; _ForwardIterator = unsigned char*; _Tp = unsigned char]	24	static
stl_construct.h:122:5:void std::_Destroy(_ForwardIterator, _ForwardIterator) [with _ForwardIterator = unsigned char*]	16	static
alloc_traits.h:461:7:static void std::allocator_traits<std::allocator<_Tp1> >::deallocate(std::allocator_traits<std::allocator<_Tp1> >::allocator_type&, std::allocator_traits<std::allocator<_Tp1> >::pointer, std::allocator_traits<std::allocator<_Tp1> >::size_type) [with _Tp = unsigned char]	24	static
alloc_traits.h:495:7:static std::allocator_traits<std::allocator<_Tp1> >::size_type std::allocator_traits<std::allocator<_Tp1> >::max_size(const allocator_type&) [with _Tp = unsigned char]	16	static
stl_vector.h:117:7:const _Tp_alloc_type& std::_Vector_base<_Tp, _Alloc>::_M_get_Tp_allocator() const [with _Tp = unsigned char; _Alloc = std::allocator<unsigned char>]	16	static
new_allocator.h:99:7:_Tp* __gnu_cxx::new_allocator<_Tp>::allocate(__gnu_cxx::new_allocator<_Tp>::size_type, const void*) [with _Tp = unsigned char]	24	static
stl_iterator.h:1032:7:std::move_iterator<_Iterator>::move_iterator(std::move_iterator<_Iterator>::iterator_type) [with _Iterator = unsigned char*]	16	static
stl_uninitialized.h:107:5:_ForwardIterator std::uninitialized_copy(_InputIterator, _InputIterator, _ForwardIterator) [with _InputIterator = std::move_iterator<unsigned char*>; _ForwardIterator = unsigned char*]	32	static
stl_construct.h:112:9:static void std::_Destroy_aux<true>::__destroy(_ForwardIterator, _ForwardIterator) [with _ForwardIterator = unsigned char*]	16	static
new_allocator.h:109:7:void __gnu_cxx::new_allocator<_Tp>::deallocate(__gnu_cxx::new_allocator<_Tp>::pointer, __gnu_cxx::new_allocator<_Tp>::size_type) [with _Tp = unsigned char]	24	static
new_allocator.h:113:7:__gnu_cxx::new_allocator<_Tp>::size_type __gnu_cxx::new_allocator<_Tp>::max_size() const [with _Tp = unsigned char]	16	static
stl_uninitialized.h:91:9:static _ForwardIterator std::__uninitialized_copy<true>::__uninit_copy(_InputIterator, _InputIterator, _ForwardIterator) [with _InputIterator = std::move_iterator<unsigned char*>; _ForwardIterator = unsigned char*]	24	static
stl_algobase.h:446:5:_OI std::copy(_II, _II, _OI) [with _II = std::move_iterator<unsigned char*>; _OI = unsigned char*]	32	static
stl_iterator.h:1243:5:base())) std::__miter_base(std::move_iterator<_IteratorL>) [with _Iterator = unsigned char*]	16	static
stl_algobase.h:420:5:_OI std::__copy_move_a2(_II, _II, _OI) [with bool _IsMove = true; _II = unsigned char*; _OI = unsigned char*]	32	static
stl_iterator.h:1040:7:std::move_iterator<_Iterator>::iterator_type std::move_iterator<_Iterator>::base() const [with _Iterator = unsigned char*]	16	static
cpp_type_traits.h:408:5:_Iterator std::__miter_base(_Iterator) [with _Iterator = unsigned char*]	16	static
stl_algobase.h:277:5:_Iterator std::__niter_base(_Iterator) [with _Iterator = unsigned char*]	16	static
stl_algobase.h:375:5:_OI std::__copy_move_a(_II, _II, _OI) [with bool _IsMove = true; _II = unsigned char*; _OI = unsigned char*]	32	static
stl_algobase.h:357:9:static _Tp* std::__copy_move<_IsMove, true, std::random_access_iterator_tag>::__copy_m(const _Tp*, const _Tp*, _Tp*) [with _Tp = unsigned char; bool _IsMove = true]	32	static
